user:
  - username: miachyn
    password: somePassword
    email: SomeAnotheremail@mail.ru
    date_of_birth: 1997-06-25
    role: ROLE_ADMIN